[2023-07-12 19:30:00,468: INFO: utils: Note: NumExpr detected 12 cores but "NUMEXPR_MAX_THREADS" not set, so enforcing safe limit of 8.]
[2023-07-12 19:30:00,468: INFO: utils: NumExpr defaulting to 8 threads.]
[2023-07-12 19:31:00,409: INFO: utils: Note: NumExpr detected 12 cores but "NUMEXPR_MAX_THREADS" not set, so enforcing safe limit of 8.]
[2023-07-12 19:31:00,409: INFO: utils: NumExpr defaulting to 8 threads.]
[2023-07-12 19:31:01,796: INFO: main: >>>>>> stage Data Ingestion stage started <<<<<<]
[2023-07-12 19:31:01,815: INFO: utils: yaml file: configuration\config.yaml loaded successfully]
[2023-07-12 19:31:01,818: INFO: utils: yaml file: configuration\params.yaml loaded successfully]
[2023-07-12 19:31:01,819: ERROR: main: yaml file is empty]
Traceback (most recent call last):
  File "C:\Data\Study\AI\AI_Projects\ML_Generic\src\common\utils.py", line 21, in read_yaml
    return ConfigBox(content)
  File "box\box.py", line 291, in box.box.Box.__init__
box.exceptions.BoxValueError: First argument must be mapping or iterable

During handling of the above exception, another exception occurred:

Traceback (most recent call last):
  File "C:\Data\Study\AI\AI_Projects\ML_Generic\main.py", line 9, in <module>
    data_ingestion.main()
  File "C:\Data\Study\AI\AI_Projects\ML_Generic\src\pipeline\training_pipeline\s1_data_ingestion_pipeline.py", line 11, in main
    config=ConfigurationManager()
  File "C:\Data\Study\AI\AI_Projects\ML_Generic\src\config\configuration_manager.py", line 11, in __init__
    self.params=read_yaml(params_file_path)
  File "C:\Users\fhash\anaconda3\lib\site-packages\ensure\main.py", line 872, in __call__
    return_val = self.f(*args, **kwargs)
  File "C:\Data\Study\AI\AI_Projects\ML_Generic\src\common\utils.py", line 23, in read_yaml
    raise ValueError("yaml file is empty")
ValueError: yaml file is empty
[2023-07-12 19:31:18,045: INFO: utils: Note: NumExpr detected 12 cores but "NUMEXPR_MAX_THREADS" not set, so enforcing safe limit of 8.]
[2023-07-12 19:31:18,045: INFO: utils: NumExpr defaulting to 8 threads.]
[2023-07-12 19:31:19,461: INFO: main: >>>>>> stage Data Ingestion stage started <<<<<<]
[2023-07-12 19:31:19,475: INFO: utils: yaml file: configuration\config.yaml loaded successfully]
[2023-07-12 19:31:19,483: INFO: utils: yaml file: configuration\params.yaml loaded successfully]
[2023-07-12 19:31:19,483: ERROR: main: yaml file is empty]
Traceback (most recent call last):
  File "C:\Data\Study\AI\AI_Projects\ML_Generic\src\common\utils.py", line 21, in read_yaml
    return ConfigBox(content)
  File "box\box.py", line 291, in box.box.Box.__init__
box.exceptions.BoxValueError: First argument must be mapping or iterable

During handling of the above exception, another exception occurred:

Traceback (most recent call last):
  File "C:\Data\Study\AI\AI_Projects\ML_Generic\main.py", line 9, in <module>
    data_ingestion.main()
  File "C:\Data\Study\AI\AI_Projects\ML_Generic\src\pipeline\training_pipeline\s1_data_ingestion_pipeline.py", line 11, in main
    config=ConfigurationManager()
  File "C:\Data\Study\AI\AI_Projects\ML_Generic\src\config\configuration_manager.py", line 11, in __init__
    self.params=read_yaml(params_file_path)
  File "C:\Users\fhash\anaconda3\lib\site-packages\ensure\main.py", line 872, in __call__
    return_val = self.f(*args, **kwargs)
  File "C:\Data\Study\AI\AI_Projects\ML_Generic\src\common\utils.py", line 23, in read_yaml
    raise ValueError("yaml file is empty")
ValueError: yaml file is empty
[2023-07-12 19:32:04,445: INFO: utils: Note: NumExpr detected 12 cores but "NUMEXPR_MAX_THREADS" not set, so enforcing safe limit of 8.]
[2023-07-12 19:32:04,460: INFO: utils: NumExpr defaulting to 8 threads.]
[2023-07-12 19:32:05,832: INFO: main: >>>>>> stage Data Ingestion stage started <<<<<<]
[2023-07-12 19:32:05,839: INFO: utils: yaml file: configuration\config.yaml loaded successfully]
[2023-07-12 19:32:05,849: INFO: utils: yaml file: configuration\params.yaml loaded successfully]
[2023-07-12 19:32:05,866: INFO: data_ingestion: Input data file loaded.]
[2023-07-12 19:32:05,870: INFO: utils: created directory at: artifacts/data/transformed_data]
[2023-07-12 19:32:05,881: INFO: data_ingestion: Train and test data created.]
[2023-07-12 19:32:05,882: ERROR: data_ingestion: 'DataIngestion' object has no attribute 'data_ingestion_config']
Traceback (most recent call last):
  File "C:\Data\Study\AI\AI_Projects\ML_Generic\src\components\data_ingestion.py", line 27, in ingest_data
    return (self.data_ingestion_config.train_data_path, self.data_ingestion_config.test_data_path)
AttributeError: 'DataIngestion' object has no attribute 'data_ingestion_config'
[2023-07-12 19:32:05,884: ERROR: main: 'DataIngestion' object has no attribute 'data_ingestion_config']
Traceback (most recent call last):
  File "C:\Data\Study\AI\AI_Projects\ML_Generic\main.py", line 9, in <module>
    data_ingestion.main()
  File "C:\Data\Study\AI\AI_Projects\ML_Generic\src\pipeline\training_pipeline\s1_data_ingestion_pipeline.py", line 13, in main
    data_ingestion.ingest_data()
  File "C:\Data\Study\AI\AI_Projects\ML_Generic\src\components\data_ingestion.py", line 31, in ingest_data
    raise e
  File "C:\Data\Study\AI\AI_Projects\ML_Generic\src\components\data_ingestion.py", line 27, in ingest_data
    return (self.data_ingestion_config.train_data_path, self.data_ingestion_config.test_data_path)
AttributeError: 'DataIngestion' object has no attribute 'data_ingestion_config'
[2023-07-12 19:32:59,440: INFO: utils: Note: NumExpr detected 12 cores but "NUMEXPR_MAX_THREADS" not set, so enforcing safe limit of 8.]
[2023-07-12 19:32:59,440: INFO: utils: NumExpr defaulting to 8 threads.]
[2023-07-12 19:33:00,845: INFO: main: >>>>>> stage Data Ingestion stage started <<<<<<]
[2023-07-12 19:33:00,858: INFO: utils: yaml file: configuration\config.yaml loaded successfully]
[2023-07-12 19:33:00,859: INFO: utils: yaml file: configuration\params.yaml loaded successfully]
[2023-07-12 19:33:00,869: INFO: data_ingestion: Input data file loaded.]
[2023-07-12 19:33:00,881: INFO: data_ingestion: Train and test data created.]
[2023-07-12 19:33:00,882: INFO: main: >>>>>> stage Data Ingestion stage completed <<<<<<

x==========x]
[2023-07-12 20:12:57,792: INFO: utils: Note: NumExpr detected 12 cores but "NUMEXPR_MAX_THREADS" not set, so enforcing safe limit of 8.]
[2023-07-12 20:12:57,792: INFO: utils: NumExpr defaulting to 8 threads.]
[2023-07-12 20:12:59,885: INFO: main: >>>>>> stage Data Ingestion stage started <<<<<<]
[2023-07-12 20:12:59,892: INFO: utils: yaml file: configuration\config.yaml loaded successfully]
[2023-07-12 20:12:59,895: INFO: utils: yaml file: configuration\params.yaml loaded successfully]
[2023-07-12 20:12:59,918: INFO: data_ingestion: Input data file loaded.]
[2023-07-12 20:12:59,919: INFO: data_ingestion: Data already exists. Skipping ingestion.]
[2023-07-12 20:12:59,920: INFO: main: >>>>>> stage Data Ingestion stage completed <<<<<<

x==========x]
[2023-07-12 20:24:36,453: INFO: utils: Note: NumExpr detected 12 cores but "NUMEXPR_MAX_THREADS" not set, so enforcing safe limit of 8.]
[2023-07-12 20:24:36,453: INFO: utils: NumExpr defaulting to 8 threads.]
[2023-07-12 20:24:37,871: INFO: main: >>>>>> stage Data Ingestion stage started <<<<<<]
[2023-07-12 20:24:37,886: INFO: utils: yaml file: configuration\config.yaml loaded successfully]
[2023-07-12 20:24:37,888: INFO: utils: yaml file: configuration\params.yaml loaded successfully]
[2023-07-12 20:24:37,896: INFO: data_ingestion: Input data file loaded.]
[2023-07-12 20:24:37,915: INFO: data_ingestion: Train and test data created.]
[2023-07-12 20:24:37,916: INFO: main: >>>>>> stage Data Ingestion stage completed <<<<<<

x==========x]
[2023-07-12 20:24:56,327: INFO: utils: Note: NumExpr detected 12 cores but "NUMEXPR_MAX_THREADS" not set, so enforcing safe limit of 8.]
[2023-07-12 20:24:56,327: INFO: utils: NumExpr defaulting to 8 threads.]
[2023-07-12 20:24:57,691: INFO: main: >>>>>> stage Data Ingestion stage started <<<<<<]
[2023-07-12 20:24:57,702: INFO: utils: yaml file: configuration\config.yaml loaded successfully]
[2023-07-12 20:24:57,704: INFO: utils: yaml file: configuration\params.yaml loaded successfully]
[2023-07-12 20:24:57,705: INFO: data_ingestion: Data already exists. Skipping ingestion.]
[2023-07-12 20:24:57,706: INFO: main: >>>>>> stage Data Ingestion stage completed <<<<<<

x==========x]
[2023-07-12 20:38:48,039: INFO: utils: Note: NumExpr detected 12 cores but "NUMEXPR_MAX_THREADS" not set, so enforcing safe limit of 8.]
[2023-07-12 20:38:48,039: INFO: utils: NumExpr defaulting to 8 threads.]
[2023-07-12 20:38:49,645: INFO: main: >>>>>> stage Data Ingestion stage started <<<<<<]
[2023-07-12 20:38:49,662: INFO: utils: yaml file: configuration\config.yaml loaded successfully]
[2023-07-12 20:38:49,663: INFO: utils: yaml file: configuration\params.yaml loaded successfully]
[2023-07-12 20:38:49,664: INFO: data_ingestion: Data already exists. Skipping ingestion.]
[2023-07-12 20:38:49,664: INFO: main: >>>>>> stage Data Ingestion stage completed <<<<<<

x==========x]
[2023-07-12 20:38:49,665: INFO: main: >>>>>> stage Data Transformation stage started <<<<<<]
[2023-07-12 20:38:49,667: INFO: utils: yaml file: configuration\config.yaml loaded successfully]
[2023-07-12 20:38:49,667: INFO: utils: yaml file: configuration\params.yaml loaded successfully]
[2023-07-12 20:38:49,699: ERROR: data_transformer: 'DataConfig' object has no attribute 'target_column']
Traceback (most recent call last):
  File "C:\Data\Study\AI\AI_Projects\ML_Generic\src\components\data_transformer.py", line 57, in transform_data
    target_column=self.config.target_column
AttributeError: 'DataConfig' object has no attribute 'target_column'
[2023-07-12 20:38:49,701: ERROR: main: 'DataConfig' object has no attribute 'target_column']
Traceback (most recent call last):
  File "C:\Data\Study\AI\AI_Projects\ML_Generic\main.py", line 22, in <module>
    data_tranformer.main()
  File "C:\Data\Study\AI\AI_Projects\ML_Generic\src\pipeline\training_pipeline\s2_data_transformation_pipeline.py", line 13, in main
    data_transformer.transform_data()
  File "C:\Data\Study\AI\AI_Projects\ML_Generic\src\components\data_transformer.py", line 78, in transform_data
    raise e
  File "C:\Data\Study\AI\AI_Projects\ML_Generic\src\components\data_transformer.py", line 57, in transform_data
    target_column=self.config.target_column
AttributeError: 'DataConfig' object has no attribute 'target_column'
[2023-07-12 20:39:20,705: INFO: utils: Note: NumExpr detected 12 cores but "NUMEXPR_MAX_THREADS" not set, so enforcing safe limit of 8.]
[2023-07-12 20:39:20,705: INFO: utils: NumExpr defaulting to 8 threads.]
[2023-07-12 20:39:22,139: INFO: main: >>>>>> stage Data Ingestion stage started <<<<<<]
[2023-07-12 20:39:22,155: INFO: utils: yaml file: configuration\config.yaml loaded successfully]
[2023-07-12 20:39:22,157: INFO: utils: yaml file: configuration\params.yaml loaded successfully]
[2023-07-12 20:39:22,157: INFO: data_ingestion: Data already exists. Skipping ingestion.]
[2023-07-12 20:39:22,157: INFO: main: >>>>>> stage Data Ingestion stage completed <<<<<<

x==========x]
[2023-07-12 20:39:22,159: INFO: main: >>>>>> stage Data Transformation stage started <<<<<<]
[2023-07-12 20:39:22,162: INFO: utils: yaml file: configuration\config.yaml loaded successfully]
[2023-07-12 20:39:22,163: INFO: utils: yaml file: configuration\params.yaml loaded successfully]
[2023-07-12 20:39:22,218: INFO: main: >>>>>> stage Data Transformation stage completed <<<<<<

x==========x]
[2023-07-12 20:47:21,102: INFO: utils: Note: NumExpr detected 12 cores but "NUMEXPR_MAX_THREADS" not set, so enforcing safe limit of 8.]
[2023-07-12 20:47:21,102: INFO: utils: NumExpr defaulting to 8 threads.]
[2023-07-12 20:47:22,712: INFO: main: >>>>>> stage Data Ingestion stage started <<<<<<]
[2023-07-12 20:47:22,724: INFO: utils: yaml file: configuration\config.yaml loaded successfully]
[2023-07-12 20:47:22,735: INFO: utils: yaml file: configuration\params.yaml loaded successfully]
[2023-07-12 20:47:22,736: INFO: data_ingestion: Data already exists. Deleting existing data.]
[2023-07-12 20:47:22,739: ERROR: data_ingestion: [WinError 267] The directory name is invalid: 'artifacts/data/original_data/train_data.csv']
Traceback (most recent call last):
  File "C:\Data\Study\AI\AI_Projects\ML_Generic\src\components\data_ingestion.py", line 39, in ingest_data
    remove_directories([self.config.data_train_path, self.config.data_test_path])
  File "C:\Users\fhash\anaconda3\lib\site-packages\ensure\main.py", line 835, in __call__
    return self.f(*args, **kwargs)
  File "C:\Data\Study\AI\AI_Projects\ML_Generic\src\common\utils.py", line 41, in remove_directories
    shutil.rmtree(path)
  File "C:\Users\fhash\anaconda3\lib\shutil.py", line 750, in rmtree
    return _rmtree_unsafe(path, onerror)
  File "C:\Users\fhash\anaconda3\lib\shutil.py", line 601, in _rmtree_unsafe
    onerror(os.scandir, path, sys.exc_info())
  File "C:\Users\fhash\anaconda3\lib\shutil.py", line 598, in _rmtree_unsafe
    with os.scandir(path) as scandir_it:
NotADirectoryError: [WinError 267] The directory name is invalid: 'artifacts/data/original_data/train_data.csv'
[2023-07-12 20:47:22,744: ERROR: main: [WinError 267] The directory name is invalid: 'artifacts/data/original_data/train_data.csv']
Traceback (most recent call last):
  File "C:\Data\Study\AI\AI_Projects\ML_Generic\main.py", line 11, in <module>
    data_ingestion.main()
  File "C:\Data\Study\AI\AI_Projects\ML_Generic\src\pipeline\training_pipeline\s1_data_ingestion_pipeline.py", line 13, in main
    data_ingestion.ingest_data()
  File "C:\Data\Study\AI\AI_Projects\ML_Generic\src\components\data_ingestion.py", line 46, in ingest_data
    raise e
  File "C:\Data\Study\AI\AI_Projects\ML_Generic\src\components\data_ingestion.py", line 39, in ingest_data
    remove_directories([self.config.data_train_path, self.config.data_test_path])
  File "C:\Users\fhash\anaconda3\lib\site-packages\ensure\main.py", line 835, in __call__
    return self.f(*args, **kwargs)
  File "C:\Data\Study\AI\AI_Projects\ML_Generic\src\common\utils.py", line 41, in remove_directories
    shutil.rmtree(path)
  File "C:\Users\fhash\anaconda3\lib\shutil.py", line 750, in rmtree
    return _rmtree_unsafe(path, onerror)
  File "C:\Users\fhash\anaconda3\lib\shutil.py", line 601, in _rmtree_unsafe
    onerror(os.scandir, path, sys.exc_info())
  File "C:\Users\fhash\anaconda3\lib\shutil.py", line 598, in _rmtree_unsafe
    with os.scandir(path) as scandir_it:
NotADirectoryError: [WinError 267] The directory name is invalid: 'artifacts/data/original_data/train_data.csv'
[2023-07-12 20:50:23,943: INFO: utils: Note: NumExpr detected 12 cores but "NUMEXPR_MAX_THREADS" not set, so enforcing safe limit of 8.]
[2023-07-12 20:50:23,943: INFO: utils: NumExpr defaulting to 8 threads.]
[2023-07-12 20:50:25,743: INFO: main: >>>>>> stage Data Ingestion stage started <<<<<<]
[2023-07-12 20:50:25,757: INFO: utils: yaml file: configuration\config.yaml loaded successfully]
[2023-07-12 20:50:25,759: INFO: utils: yaml file: configuration\params.yaml loaded successfully]
[2023-07-12 20:50:25,760: INFO: data_ingestion: Data already exists. Deleting existing data.]
[2023-07-12 20:50:25,761: INFO: utils: removed file at: artifacts/data/original_data/train_data.csv]
[2023-07-12 20:50:25,763: INFO: utils: removed file at: artifacts/data/original_data/test_data.csv]
[2023-07-12 20:50:25,778: INFO: data_ingestion: Input data file loaded.]
[2023-07-12 20:50:25,789: INFO: data_ingestion: Train and test data created.]
[2023-07-12 20:50:25,790: INFO: main: >>>>>> stage Data Ingestion stage completed <<<<<<

x==========x]
[2023-07-12 20:50:25,790: INFO: main: >>>>>> stage Data Transformation stage started <<<<<<]
[2023-07-12 20:50:25,795: INFO: utils: yaml file: configuration\config.yaml loaded successfully]
[2023-07-12 20:50:25,797: INFO: utils: yaml file: configuration\params.yaml loaded successfully]
[2023-07-12 20:50:25,847: INFO: main: >>>>>> stage Data Transformation stage completed <<<<<<

x==========x]
[2023-07-12 20:57:06,294: INFO: utils: Note: NumExpr detected 12 cores but "NUMEXPR_MAX_THREADS" not set, so enforcing safe limit of 8.]
[2023-07-12 20:57:06,294: INFO: utils: NumExpr defaulting to 8 threads.]
[2023-07-12 20:57:07,974: INFO: main: >>>>>> stage Data Ingestion stage started <<<<<<]
[2023-07-12 20:57:07,977: INFO: utils: yaml file: configuration\config.yaml loaded successfully]
[2023-07-12 20:57:07,977: INFO: utils: yaml file: configuration\params.yaml loaded successfully]
[2023-07-12 20:57:07,983: INFO: data_ingestion: Input data file loaded.]
[2023-07-12 20:57:07,989: INFO: data_ingestion: Train and test data created.]
[2023-07-12 20:57:07,989: INFO: main: >>>>>> stage Data Ingestion stage completed <<<<<<

x==========x]
[2023-07-12 20:57:07,989: INFO: main: >>>>>> stage Data Transformation stage started <<<<<<]
[2023-07-12 20:57:07,991: INFO: utils: yaml file: configuration\config.yaml loaded successfully]
[2023-07-12 20:57:07,992: INFO: utils: yaml file: configuration\params.yaml loaded successfully]
[2023-07-12 20:57:08,048: INFO: main: >>>>>> stage Data Transformation stage completed <<<<<<

x==========x]
[2023-07-17 18:34:53,628: INFO: utils: Note: NumExpr detected 12 cores but "NUMEXPR_MAX_THREADS" not set, so enforcing safe limit of 8.]
[2023-07-17 18:34:53,628: INFO: utils: NumExpr defaulting to 8 threads.]
[2023-07-17 18:36:05,399: INFO: utils: Note: NumExpr detected 12 cores but "NUMEXPR_MAX_THREADS" not set, so enforcing safe limit of 8.]
[2023-07-17 18:36:05,399: INFO: utils: NumExpr defaulting to 8 threads.]
[2023-07-17 18:36:07,290: INFO: main: >>>>>> stage Data Ingestion stage started <<<<<<]
[2023-07-17 18:36:07,290: INFO: common: yaml file: configuration\config.yaml loaded successfully]
[2023-07-17 18:36:07,290: INFO: common: yaml file: configuration\params.yaml loaded successfully]
[2023-07-17 18:36:07,290: INFO: data_ingestion: Data already exists. Deleting existing data.]
[2023-07-17 18:36:07,290: INFO: common: removed file at: artifacts/data/original_data/train_data.csv]
[2023-07-17 18:36:07,290: INFO: common: removed file at: artifacts/data/original_data/test_data.csv]
[2023-07-17 18:36:07,318: INFO: data_ingestion: Input data file loaded.]
[2023-07-17 18:36:07,328: INFO: data_ingestion: Train and test data created.]
[2023-07-17 18:36:07,328: INFO: main: >>>>>> stage Data Ingestion stage completed <<<<<<

x==========x]
[2023-07-17 18:36:07,330: INFO: main: >>>>>> stage Data Transformation stage started <<<<<<]
[2023-07-17 18:36:07,332: INFO: common: yaml file: configuration\config.yaml loaded successfully]
[2023-07-17 18:36:07,334: INFO: common: yaml file: configuration\params.yaml loaded successfully]
[2023-07-17 18:36:07,390: INFO: main: >>>>>> stage Data Transformation stage completed <<<<<<

x==========x]
[2023-07-17 18:41:54,074: INFO: utils: Note: NumExpr detected 12 cores but "NUMEXPR_MAX_THREADS" not set, so enforcing safe limit of 8.]
[2023-07-17 18:41:54,074: INFO: utils: NumExpr defaulting to 8 threads.]
[2023-07-17 18:41:55,768: INFO: main: >>>>>> stage Data Ingestion stage started <<<<<<]
[2023-07-17 18:41:55,771: INFO: common: yaml file: configuration\config.yaml loaded successfully]
[2023-07-17 18:41:55,772: INFO: common: yaml file: configuration\params.yaml loaded successfully]
[2023-07-17 18:41:55,773: INFO: data_ingestion: Data already exists. Deleting existing data.]
[2023-07-17 18:41:55,774: INFO: common: removed file at: artifacts/data/original_data/train_data.csv]
[2023-07-17 18:41:55,775: INFO: common: removed file at: artifacts/data/original_data/test_data.csv]
[2023-07-17 18:41:55,784: INFO: data_ingestion: Input data file loaded.]
[2023-07-17 18:41:55,795: INFO: data_ingestion: Train and test data created.]
[2023-07-17 18:41:55,796: INFO: main: >>>>>> stage Data Ingestion stage completed <<<<<<

x==========x]
[2023-07-17 18:41:55,797: INFO: main: >>>>>> stage Data Transformation stage started <<<<<<]
[2023-07-17 18:41:55,800: INFO: common: yaml file: configuration\config.yaml loaded successfully]
[2023-07-17 18:41:55,804: INFO: common: yaml file: configuration\params.yaml loaded successfully]
[2023-07-17 18:41:55,881: INFO: main: >>>>>> stage Data Transformation stage completed <<<<<<

x==========x]
[2023-07-17 18:46:47,296: INFO: utils: Note: NumExpr detected 12 cores but "NUMEXPR_MAX_THREADS" not set, so enforcing safe limit of 8.]
[2023-07-17 18:46:47,296: INFO: utils: NumExpr defaulting to 8 threads.]
[2023-07-17 18:46:59,833: INFO: utils: Note: NumExpr detected 12 cores but "NUMEXPR_MAX_THREADS" not set, so enforcing safe limit of 8.]
[2023-07-17 18:46:59,833: INFO: utils: NumExpr defaulting to 8 threads.]
[2023-07-17 18:47:01,272: INFO: main: >>>>>> stage Data Ingestion stage started <<<<<<]
[2023-07-17 18:47:01,272: ERROR: main: [Errno 2] No such file or directory: 'configuration\\config.yaml']
Traceback (most recent call last):
  File "C:\Data\Study\AI\AI_Projects\ML_Generic\main.py", line 11, in <module>
    data_ingestion.main()
  File "C:\Data\Study\AI\AI_Projects\ML_Generic\src\pipeline\training_pipeline\s1_data_ingestion_pipeline.py", line 11, in main
    config=ConfigurationManager()
  File "C:\Data\Study\AI\AI_Projects\ML_Generic\src\configuration\configuration_manager.py", line 10, in __init__
    self.config=read_yaml(config_file_path)
  File "C:\Users\fhash\anaconda3\lib\site-packages\ensure\main.py", line 872, in __call__
    return_val = self.f(*args, **kwargs)
  File "C:\Data\Study\AI\AI_Projects\ML_Generic\src\utils\common.py", line 25, in read_yaml
    raise e
  File "C:\Data\Study\AI\AI_Projects\ML_Generic\src\utils\common.py", line 18, in read_yaml
    with open(path_to_yaml) as yaml_file:
FileNotFoundError: [Errno 2] No such file or directory: 'configuration\\config.yaml'
[2023-07-17 18:47:21,099: INFO: utils: Note: NumExpr detected 12 cores but "NUMEXPR_MAX_THREADS" not set, so enforcing safe limit of 8.]
[2023-07-17 18:47:21,099: INFO: utils: NumExpr defaulting to 8 threads.]
[2023-07-17 18:47:22,509: INFO: main: >>>>>> stage Data Ingestion stage started <<<<<<]
[2023-07-17 18:47:22,519: INFO: common: yaml file: config\config.yaml loaded successfully]
[2023-07-17 18:47:22,521: INFO: common: yaml file: config\params.yaml loaded successfully]
[2023-07-17 18:47:22,521: INFO: data_ingestion: Data already exists. Deleting existing data.]
[2023-07-17 18:47:22,521: INFO: common: removed file at: artifacts/data/original_data/train_data.csv]
[2023-07-17 18:47:22,521: INFO: common: removed file at: artifacts/data/original_data/test_data.csv]
[2023-07-17 18:47:22,531: INFO: data_ingestion: Input data file loaded.]
[2023-07-17 18:47:22,540: INFO: data_ingestion: Train and test data created.]
[2023-07-17 18:47:22,541: INFO: main: >>>>>> stage Data Ingestion stage completed <<<<<<

x==========x]
[2023-07-17 18:47:22,543: INFO: main: >>>>>> stage Data Transformation stage started <<<<<<]
[2023-07-17 18:47:22,546: INFO: common: yaml file: config\config.yaml loaded successfully]
[2023-07-17 18:47:22,547: INFO: common: yaml file: config\params.yaml loaded successfully]
[2023-07-17 18:47:22,599: INFO: main: >>>>>> stage Data Transformation stage completed <<<<<<

x==========x]
